arabic-reshaper==2.1.3
asgiref==3.3.4
astropy==4.2
bidict==0.21.2
biosppy==0.6.1
certifi==2020.12.5
chardet==4.0.0
cloudinary==1.25.0
cycler==0.10.0
Django==3.2.3
django-cloudinary-storage==0.3.0
django-cors-headers==3.7.0
django-countries==7.2.1
django-crispy-forms==1.11.0
django-daguerre==3.0.0
django-environ==0.4.5
djangorestframework==3.12.2
future==0.18.2
gunicorn==20.1.0
h5py==3.2.1
html5lib==1.1
idna==2.10
Jinja2==2.11.3
joblib==1.0.1
kiwisolver==1.3.1
MarkupSafe==1.1.1
matplotlib==3.4.1
nolds==0.5.2
numpy==1.20.1
opensignalsreader==0.2.2
pandas==1.2.2
Pillow==8.1.0
psycopg2==2.8.6
pyerfa==1.7.2
pyparsing==2.4.7
PyPDF2==1.26.0
python-bidi==0.4.2
python-dateutil==2.8.1
pytz==2021.1
reportlab==3.5.67
requests==2.25.1
retrying==1.3.3
scikit-learn==0.24.1
six==1.16.0
sqlparse==0.4.1
urllib3==1.26.4
webencodings==0.5.1
whitenoise==5.2.0
xhtml2pdf==0.2.5
PS D:\BACHELOR PROJECT\hrvscihub> git add .
PS D:\BACHELOR PROJECT\hrvscihub> git commit -m "update requirements"
[staging fbd901c] update requirements
 2 files changed, 10 insertions(+), 3 deletions(-)
PS D:\BACHELOR PROJECT\hrvscihub> git push origin staging
Counting objects: 100% (11/11), done.
Delta compression using up to 2 threads
Compressing objects: 100% (6/6), done.
Writing objects: 100% (6/6), 628 bytes | 209.00 KiB/s, done.
Total 6 (delta 4), reused 0 (delta 0), pack-reused 0
remote: Resolving deltas: 100% (4/4), completed with 4 local objects.
To https://github.com/aserkash/hrvanalysis.git
   928050b..fbd901c  staging -> staging
No package django-daguerre to remove from Pipfile.
Locking [dev-packages] dependencies...
Locking [packages] dependencies...
Building requirements...
Resolving dependencies...
Success!
Updated Pipfile.lock (141ad3)!
PS D:\BACHELOR PROJECT\hrvscihub> git status
On branch staging
  (use "git restore --staged <file>..." to unstage)
        modified:   hrvscihub/settings/base.py
        modified:   hrvscihub/urls.py
        modified:   users/templates/users/profile.html

PS D:\BACHELOR PROJECT\hrvscihub> git commit -m "rm daguerre"
[staging 9c8456d] rm daguerre
 3 files changed, 1 insertion(+), 4 deletions(-)
PS D:\BACHELOR PROJECT\hrvscihub> git push origin staging
Counting objects: 100% (19/19), done.
Delta compression using up to 2 threads
Compressing objects: 100% (9/9), done.
Writing objects: 100% (10/10), 800 bytes | 160.00 KiB/s, done.
Total 10 (delta 6), reused 0 (delta 0), pack-reused 0
remote: Resolving deltas: 100% (6/6), completed with 6 local objects.
To https://github.com/aserkash/hrvanalysis.git
   fbd901c..9c8456d  staging -> staging
PS D:\BACHELOR PROJECT\hrvscihub> pip freeze
arabic-reshaper==2.1.3
asgiref==3.3.4
astropy==4.2
bidict==0.21.2
biosppy==0.6.1
certifi==2020.12.5
chardet==4.0.0
cloudinary==1.25.0
cycler==0.10.0
Django==3.2.3
django-cloudinary-storage==0.3.0
django-cors-headers==3.7.0
django-countries==7.2.1
django-crispy-forms==1.11.0
django-daguerre==3.0.0
django-environ==0.4.5
djangorestframework==3.12.2
future==0.18.2
gunicorn==20.1.0
h5py==3.2.1
html5lib==1.1
idna==2.10
Jinja2==2.11.3
joblib==1.0.1
kiwisolver==1.3.1
MarkupSafe==1.1.1
matplotlib==3.4.1
nolds==0.5.2
numpy==1.20.1
opensignalsreader==0.2.2
pandas==1.2.2
Pillow==8.1.0
psycopg2==2.8.6
pyerfa==1.7.2
pyparsing==2.4.7
PyPDF2==1.26.0
python-bidi==0.4.2
python-dateutil==2.8.1
pytz==2021.1
reportlab==3.5.67
requests==2.25.1
retrying==1.3.3
scikit-learn==0.24.1
scipy==1.6.1
shortuuid==1.0.1
six==1.16.0
sqlparse==0.4.1
threadpoolctl==2.1.0
urllib3==1.26.4
webencodings==0.5.1
whitenoise==5.2.0
xhtml2pdf==0.2.5